PS C:\programming> cd "C:\programming\git_challenge2"
PS C:\programming\git_challenge2> git init
Initialized empty Git repository in C:/programming/git_challenge2/.git/
PS C:\programming\git_challenge2> echo "hello,world!" hello_world.txt
hello,world!
hello_world.txt
PS C:\programming\git_challenge2> echo "hello,world!">> hello_world.txt
PS C:\programming\git_challenge2> git add "C:\programming\git_challenge2\hello_world.txt"
PS C:\programming\git_challenge2> git commit -m "hello_world.txtを追加"
[main (root-commit) 05b820e] hello_world.txtを追加
 1 file changed, 0 insertions(+), 0 deletions(-)
 create mode 100644 hello_world.txt
PS C:\programming\git_challenge2> git add "C:\programming\git_challenge2\hello_world.txt"
PS C:\programming\git_challenge2> git commit -m "日本語訳を追加"       
[main fa44cfa] 日本語訳を追加
 1 file changed, 0 insertions(+), 0 deletions(-)
PS C:\programming\git_challenge2> git log --oneline
fa44cfa (HEAD -> main) 日本語訳を追加
05b820e hello_world.txtを追加